[INFO] Scanning for projects...
[INFO] 
[INFO] -------------------------< com.paari:backend >--------------------------
[INFO] Building PAARI Backend 0.0.1-SNAPSHOT
[INFO]   from pom.xml
[INFO] --------------------------------[ jar ]---------------------------------
[INFO] 
[INFO] --- resources:3.3.1:resources (default-resources) @ backend ---
[INFO] Copying 3 resources from src\main\resources to target\classes
[INFO] Copying 1 resource from src\main\resources to target\classes
[INFO] 
[INFO] --- compiler:3.11.0:compile (default-compile) @ backend ---
[INFO] Changes detected - recompiling the module! :source
[INFO] Compiling 55 source files with javac [debug release 17] to target\classes
[INFO] /C:/Users/dell/PAARI/backend/src/main/java/com/paari/security/JwtUtils.java: Some input files use or override a deprecated API.
[INFO] /C:/Users/dell/PAARI/backend/src/main/java/com/paari/security/JwtUtils.java: Recompile with -Xlint:deprecation for details.
[INFO] -------------------------------------------------------------
[ERROR] COMPILATION ERROR : 
[INFO] -------------------------------------------------------------
[ERROR] /C:/Users/dell/PAARI/backend/src/main/java/com/paari/security/JwtUtils.java:[16,55] cannot find symbol
  symbol:   variable LoggerFactory
  location: class org.slf4j.LoggerFactory
[ERROR] /C:/Users/dell/PAARI/backend/src/main/java/com/paari/security/JwtUtils.java:[35,27] cannot find symbol
  symbol:   method getSignKey()
  location: class com.paari.security.JwtUtils
[ERROR] /C:/Users/dell/PAARI/backend/src/main/java/com/paari/security/JwtUtils.java:[41,32] cannot find symbol
  symbol:   method getSignKey()
  location: class com.paari.security.JwtUtils
[ERROR] /C:/Users/dell/PAARI/backend/src/main/java/com/paari/security/JwtUtils.java:[50,48] cannot find symbol
  symbol:   method getSignKey()
  location: class com.paari.security.JwtUtils
[INFO] 4 errors 
[INFO] -------------------------------------------------------------
[INFO] ------------------------------------------------------------------------
[INFO] BUILD FAILURE
[INFO] ------------------------------------------------------------------------
[INFO] Total time:  2.863 s
[INFO] Finished at: 2026-08-13T06:06:40-07:00
[INFO] ------------------------------------------------------------------------
[ERROR] Failed to execute goal org.apache.maven.plugins:maven-compiler-plugin:3.11.0:compile (default-compile) on project backend: Compilation failure: Compilation failure: 
[ERROR] /C:/Users/dell/PAARI/backend/src/main/java/com/paari/security/JwtUtils.java:[16,55] cannot find symbol
[ERROR]   symbol:   variable LoggerFactory
[ERROR]   location: class org.slf4j.LoggerFactory
[ERROR] /C:/Users/dell/PAARI/backend/src/main/java/com/paari/security/JwtUtils.java:[35,27] cannot find symbol
[ERROR]   symbol:   method getSignKey()
[ERROR]   location: class com.paari.security.JwtUtils
[ERROR] /C:/Users/dell/PAARI/backend/src/main/java/com/paari/security/JwtUtils.java:[41,32] cannot find symbol
[ERROR]   symbol:   method getSignKey()
[ERROR]   location: class com.paari.security.JwtUtils
[ERROR] /C:/Users/dell/PAARI/backend/src/main/java/com/paari/security/JwtUtils.java:[50,48] cannot find symbol
[ERROR]   symbol:   method getSignKey()
[ERROR]   location: class com.paari.security.JwtUtils
[ERROR] -> [Help 1]
[ERROR] 
[ERROR] To see the full stack trace of the errors, re-run Maven with the -e switch.
[ERROR] Re-run Maven using the -X switch to enable full debug logging.
[ERROR] 
[ERROR] For more information about the errors and possible solutions, please read the following articles:
[ERROR] [Help 1] http://cwiki.apache.org/confluence/display/MAVEN/MojoFailureException
