[INFO] Scanning for projects...
[INFO] 
[INFO] -------------------------< com.paari:backend >--------------------------
[INFO] Building PAARI Backend 0.0.1-SNAPSHOT
[INFO]   from pom.xml
[INFO] --------------------------------[ jar ]---------------------------------
[INFO] 
[INFO] --- resources:3.3.1:resources (default-resources) @ backend ---
[INFO] Copying 3 resources from src\main\resources to target\classes
[INFO] Copying 1 resource from src\main\resources to target\classes
[INFO] 
[INFO] --- compiler:3.11.0:compile (default-compile) @ backend ---
[INFO] Changes detected - recompiling the module! :source
[INFO] Compiling 55 source files with javac [debug release 17] to target\classes
[INFO] /C:/Users/dell/PAARI/backend/src/main/java/com/paari/controller/AnalyticsController.java: C:\Users\dell\PAARI\backend\src\main\java\com\paari\controller\AnalyticsController.java uses or overrides a deprecated API.
[INFO] /C:/Users/dell/PAARI/backend/src/main/java/com/paari/controller/AnalyticsController.java: Recompile with -Xlint:deprecation for details.
[INFO] ------------------------------------------------------------------------
[INFO] BUILD SUCCESS
[INFO] ------------------------------------------------------------------------
[INFO] Total time:  2.794 s
[INFO] Finished at: 2026-08-13T06:07:03-07:00
[INFO] ------------------------------------------------------------------------
